2026-01-07 00:03:59,425 - INFO - Starting our Model Training pipeline
2026-01-07 00:03:59,426 - INFO - Starting our MLFLOW experimentation
2026-01-07 00:03:59,426 - INFO - Logging the training and testing datset to MLFLOW
2026-01-07 00:03:59,442 - INFO - Loading data from C:\Users\athrv\OneDrive\Documents\Projects\Hotel Reservation Prediction\PROJECT CODE\artifacts\processed\processed_train.csv
2026-01-07 00:03:59,442 - INFO - Loading data
2026-01-07 00:03:59,465 - INFO - Loading data from C:\Users\athrv\OneDrive\Documents\Projects\Hotel Reservation Prediction\PROJECT CODE\artifacts\processed\processed_test.csv
2026-01-07 00:03:59,465 - INFO - Loading data
2026-01-07 00:03:59,481 - INFO - Data splitted sucefully for Model Training
2026-01-07 00:03:59,481 - INFO - Intializing our model
2026-01-07 00:03:59,481 - INFO - Starting our Hyperparamter tuning
2026-01-07 00:03:59,481 - INFO - Starting our Hyperparamter tuning
2026-01-07 00:04:12,829 - INFO - Hyperparamter tuning completed
2026-01-07 00:04:12,829 - INFO - Best paramters are : {'boosting_type': 'gbdt', 'learning_rate': np.float64(0.1293700315892974), 'max_depth': 23, 'n_estimators': 314, 'num_leaves': 94}
2026-01-07 00:04:12,829 - INFO - Evaluating our model
2026-01-07 00:04:12,872 - INFO - Accuracy Score : 0.8814506539833532
2026-01-07 00:04:12,872 - INFO - Precision Score : 0.8670480549199084
2026-01-07 00:04:12,872 - INFO - Recall Score : 0.9010701545778834
2026-01-07 00:04:12,872 - INFO - F1 Score : 0.883731778425656
2026-01-07 00:04:12,873 - INFO - saving the model
2026-01-07 00:04:12,919 - INFO - Model saved to C:\Users\athrv\OneDrive\Documents\Projects\Hotel Reservation Prediction\PROJECT CODE\artifacts\models\lgbm_model.pkl
2026-01-07 00:04:12,919 - INFO - Logging the model into MLFLOW
2026-01-07 00:04:12,939 - INFO - Logging Params and metrics to MLFLOW
2026-01-07 00:04:12,963 - INFO - Model Training sucesfullly completed
