2026-01-07 12:05:31,286 - INFO - Starting our Model Training pipeline
2026-01-07 12:05:31,287 - INFO - Starting our MLFLOW experimentation
2026-01-07 12:05:31,287 - INFO - Logging the training and testing datset to MLFLOW
2026-01-07 12:05:31,321 - INFO - Loading data from C:\Users\athrv\OneDrive\Documents\Projects\Hotel Reservation Prediction\PROJECT CODE\artifacts\processed\processed_train.csv
2026-01-07 12:05:31,321 - INFO - Loading data
2026-01-07 12:05:31,355 - INFO - Loading data from C:\Users\athrv\OneDrive\Documents\Projects\Hotel Reservation Prediction\PROJECT CODE\artifacts\processed\processed_test.csv
2026-01-07 12:05:31,356 - INFO - Loading data
2026-01-07 12:05:31,374 - INFO - Data splitted sucefully for Model Training
2026-01-07 12:05:31,374 - INFO - Intializing our model
2026-01-07 12:05:31,375 - INFO - Starting our Hyperparamter tuning
2026-01-07 12:05:31,376 - INFO - Starting our Hyperparamter tuning
2026-01-07 12:05:46,848 - INFO - Hyperparamter tuning completed
2026-01-07 12:05:46,848 - INFO - Best paramters are : {'boosting_type': 'gbdt', 'learning_rate': np.float64(0.1293700315892974), 'max_depth': 23, 'n_estimators': 314, 'num_leaves': 94}
2026-01-07 12:05:46,848 - INFO - Evaluating our model
2026-01-07 12:05:46,912 - INFO - Accuracy Score : 0.8814506539833532
2026-01-07 12:05:46,912 - INFO - Precision Score : 0.8670480549199084
2026-01-07 12:05:46,912 - INFO - Recall Score : 0.9010701545778834
2026-01-07 12:05:46,912 - INFO - F1 Score : 0.883731778425656
2026-01-07 12:05:46,913 - INFO - saving the model
2026-01-07 12:05:46,967 - INFO - Model saved to C:\Users\athrv\OneDrive\Documents\Projects\Hotel Reservation Prediction\PROJECT CODE\artifacts\models\lgbm_model.pkl
2026-01-07 12:05:46,967 - INFO - Logging the model into MLFLOW
2026-01-07 12:05:46,989 - INFO - Logging Params and metrics to MLFLOW
2026-01-07 12:05:47,026 - INFO - Model Training sucesfullly completed
