2026-01-06 00:46:14,074 - ERROR - Error while reading YAML file
2026-01-06 00:51:59,271 - ERROR - Error while reading YAML file
2026-01-06 00:57:37,780 - ERROR - Error while reading YAML file
2026-01-06 12:01:05,485 - ERROR - Error while reading YAML file
2026-01-06 12:16:56,475 - INFO - Successfully read the YAML file from: C:\Users\athrv\OneDrive\Documents\Projects\Hotel Reservation Prediction\PROJECT CODE\config\config.yaml
2026-01-06 12:16:56,476 - INFO - Data Ingestion started with my_bucket_aiops and file is Hotel_Reservations.csv
2026-01-06 12:16:56,476 - INFO - Starting data ingestion process
2026-01-06 12:17:08,372 - ERROR - Error while downloading the csv file
2026-01-06 12:17:08,373 - ERROR - CustomException : Error in C:\Users\athrv\OneDrive\Documents\Projects\Hotel Reservation Prediction\PROJECT CODE\src\data_ingestion.py , line 25 : Failed to downlaod csv file 
2026-01-06 12:17:08,373 - INFO - Data ingestion completed
2026-01-06 12:19:27,069 - INFO - Successfully read the YAML file from: C:\Users\athrv\OneDrive\Documents\Projects\Hotel Reservation Prediction\PROJECT CODE\config\config.yaml
2026-01-06 12:19:27,070 - INFO - Data Ingestion started with my_bucket_aiops and file is Hotel_Reservations.csv
2026-01-06 12:19:27,070 - INFO - Starting data ingestion process
2026-01-06 12:19:39,141 - ERROR - Error while downloading the csv file
2026-01-06 12:19:39,142 - ERROR - CustomException : Error in C:\Users\athrv\OneDrive\Documents\Projects\Hotel Reservation Prediction\PROJECT CODE\src\data_ingestion.py , line 25 : Failed to downlaod csv file 
2026-01-06 12:19:39,142 - INFO - Data ingestion completed
2026-01-06 15:23:14,342 - INFO - Successfully read the YAML file from: C:\Users\athrv\OneDrive\Documents\Projects\Hotel Reservation Prediction\PROJECT CODE\config\config.yaml
2026-01-06 15:23:14,344 - INFO - Data Ingestion started with my_bucket_aiops and file is Hotel_Reservations.csv
2026-01-06 15:23:14,344 - INFO - Starting data ingestion process
2026-01-06 15:23:26,379 - ERROR - Error while downloading the csv file
2026-01-06 15:23:26,380 - ERROR - CustomException : Error in C:\Users\athrv\OneDrive\Documents\Projects\Hotel Reservation Prediction\PROJECT CODE\src\data_ingestion.py , line 25 : Failed to downlaod csv file 
2026-01-06 15:23:26,380 - INFO - Data ingestion completed
2026-01-06 15:25:55,306 - INFO - Successfully read the YAML file from: C:\Users\athrv\OneDrive\Documents\Projects\Hotel Reservation Prediction\PROJECT CODE\config\config.yaml
2026-01-06 15:25:55,307 - INFO - Loading data from RAW directory
2026-01-06 15:25:55,307 - INFO - Loading data
2026-01-06 15:25:55,307 - ERROR - Error loading the data [Errno 2] No such file or directory: 'C:\\Users\\athrv\\OneDrive\\Documents\\Projects\\Hotel Reservation Prediction\\PROJECT CODE\\artifacts\\raw\\train.csv'
2026-01-06 15:25:55,307 - ERROR - Error during preprocessing pipeline Error in C:\Users\athrv\OneDrive\Documents\Projects\Hotel Reservation Prediction\PROJECT CODE\utils\common_functions.py , line 28 : Failed to load data
2026-01-06 22:47:08,099 - INFO - Successfully read the YAML file from: C:\Users\athrv\OneDrive\Documents\Projects\Hotel Reservation Prediction\PROJECT CODE\config\config.yaml
2026-01-06 22:47:08,099 - INFO - Loading data from RAW directory
2026-01-06 22:47:08,099 - INFO - Loading data
2026-01-06 22:47:08,177 - INFO - Loading data
2026-01-06 22:47:08,237 - INFO - Starting our Data Processing step
2026-01-06 22:47:08,237 - INFO - Dropping the columns
2026-01-06 22:47:08,241 - ERROR - Error during preprocess step "['Unnamed: 0'] not found in axis"
2026-01-06 22:47:08,241 - ERROR - Error during preprocessing pipeline Error in C:\Users\athrv\OneDrive\Documents\Projects\Hotel Reservation Prediction\PROJECT CODE\src\data_preprocessing.py , line 32 : Error while preprocess data
2026-01-06 23:11:21,208 - INFO - Successfully read the YAML file from: C:\Users\athrv\OneDrive\Documents\Projects\Hotel Reservation Prediction\PROJECT CODE\config\config.yaml
2026-01-06 23:11:21,209 - INFO - Loading data from RAW directory
2026-01-06 23:11:21,209 - INFO - Loading data
2026-01-06 23:11:21,292 - INFO - Loading data
2026-01-06 23:11:21,310 - INFO - Starting Data Processing step
2026-01-06 23:11:21,310 - INFO - Initial shape: (29020, 19)
2026-01-06 23:11:21,310 - INFO - Columns: ['Booking_ID', 'no_of_adults', 'no_of_children', 'no_of_weekend_nights', 'no_of_week_nights', 'type_of_meal_plan', 'required_car_parking_space', 'room_type_reserved', 'lead_time', 'arrival_year', 'arrival_month', 'arrival_date', 'market_segment_type', 'repeated_guest', 'no_of_previous_cancellations', 'no_of_previous_bookings_not_canceled', 'avg_price_per_room', 'no_of_special_requests', 'booking_status']
2026-01-06 23:11:21,314 - INFO - Dropping columns: ['Booking_ID']
2026-01-06 23:11:21,348 - INFO - Removed 7661 duplicate rows
2026-01-06 23:11:21,348 - INFO - Applying Label Encoding
2026-01-06 23:11:21,368 - INFO - Label Mappings:
2026-01-06 23:11:21,368 - INFO -   type_of_meal_plan: {'Meal Plan 1': np.int64(0), 'Meal Plan 2': np.int64(1), 'Meal Plan 3': np.int64(2), 'Not Selected': np.int64(3)}
2026-01-06 23:11:21,368 - INFO -   required_car_parking_space: {np.int64(0): np.int64(0), np.int64(1): np.int64(1)}
2026-01-06 23:11:21,368 - INFO -   room_type_reserved: {'Room_Type 1': np.int64(0), 'Room_Type 2': np.int64(1), 'Room_Type 3': np.int64(2), 'Room_Type 4': np.int64(3), 'Room_Type 5': np.int64(4), 'Room_Type 6': np.int64(5), 'Room_Type 7': np.int64(6)}
2026-01-06 23:11:21,368 - INFO -   market_segment_type: {'Aviation': np.int64(0), 'Complementary': np.int64(1), 'Corporate': np.int64(2), 'Offline': np.int64(3), 'Online': np.int64(4)}
2026-01-06 23:11:21,368 - INFO -   repeated_guest: {np.int64(0): np.int64(0), np.int64(1): np.int64(1)}
2026-01-06 23:11:21,368 - INFO -   booking_status: {'Canceled': np.int64(0), 'Not_Canceled': np.int64(1)}
2026-01-06 23:11:21,368 - INFO - Handling Skewness
2026-01-06 23:11:21,372 - INFO - Skewness values:
no_of_adults                            -0.305652
no_of_children                           4.165696
no_of_weekend_nights                     0.636637
no_of_week_nights                        1.553657
lead_time                                1.405258
arrival_year                            -1.953273
arrival_month                           -0.293266
arrival_date                             0.010333
no_of_previous_cancellations            22.001489
no_of_previous_bookings_not_canceled    16.735934
avg_price_per_room                       0.542888
no_of_special_requests                   0.922373
dtype: float64
2026-01-06 23:11:21,373 - INFO - Applying log transformation to skewed columns: ['no_of_previous_cancellations', 'no_of_previous_bookings_not_canceled']
2026-01-06 23:11:21,374 - INFO - Final shape after preprocessing: (21359, 18)
2026-01-06 23:11:21,374 - INFO - Starting Data Processing step
2026-01-06 23:11:21,374 - INFO - Initial shape: (7255, 19)
2026-01-06 23:11:21,374 - INFO - Columns: ['Booking_ID', 'no_of_adults', 'no_of_children', 'no_of_weekend_nights', 'no_of_week_nights', 'type_of_meal_plan', 'required_car_parking_space', 'room_type_reserved', 'lead_time', 'arrival_year', 'arrival_month', 'arrival_date', 'market_segment_type', 'repeated_guest', 'no_of_previous_cancellations', 'no_of_previous_bookings_not_canceled', 'avg_price_per_room', 'no_of_special_requests', 'booking_status']
2026-01-06 23:11:21,374 - INFO - Dropping columns: ['Booking_ID']
2026-01-06 23:11:21,380 - INFO - Removed 1208 duplicate rows
2026-01-06 23:11:21,380 - INFO - Applying Label Encoding
2026-01-06 23:11:21,386 - INFO - Label Mappings:
2026-01-06 23:11:21,386 - INFO -   type_of_meal_plan: {'Meal Plan 1': np.int64(0), 'Meal Plan 2': np.int64(1), 'Meal Plan 3': np.int64(2), 'Not Selected': np.int64(3)}
2026-01-06 23:11:21,386 - INFO -   required_car_parking_space: {np.int64(0): np.int64(0), np.int64(1): np.int64(1)}
2026-01-06 23:11:21,386 - INFO -   room_type_reserved: {'Room_Type 1': np.int64(0), 'Room_Type 2': np.int64(1), 'Room_Type 3': np.int64(2), 'Room_Type 4': np.int64(3), 'Room_Type 5': np.int64(4), 'Room_Type 6': np.int64(5), 'Room_Type 7': np.int64(6)}
2026-01-06 23:11:21,386 - INFO -   market_segment_type: {'Aviation': np.int64(0), 'Complementary': np.int64(1), 'Corporate': np.int64(2), 'Offline': np.int64(3), 'Online': np.int64(4)}
2026-01-06 23:11:21,387 - INFO -   repeated_guest: {np.int64(0): np.int64(0), np.int64(1): np.int64(1)}
2026-01-06 23:11:21,387 - INFO -   booking_status: {'Canceled': np.int64(0), 'Not_Canceled': np.int64(1)}
2026-01-06 23:11:21,387 - INFO - Handling Skewness
2026-01-06 23:11:21,389 - INFO - Skewness values:
no_of_adults                            -0.278636
no_of_children                           3.702839
no_of_weekend_nights                     0.751952
no_of_week_nights                        1.801200
lead_time                                1.393989
arrival_year                            -1.829577
arrival_month                           -0.334643
arrival_date                             0.015388
no_of_previous_cancellations            24.406847
no_of_previous_bookings_not_canceled    16.318580
avg_price_per_room                       0.815533
no_of_special_requests                   0.958781
dtype: float64
2026-01-06 23:11:21,389 - INFO - Applying log transformation to skewed columns: ['no_of_previous_cancellations', 'no_of_previous_bookings_not_canceled']
2026-01-06 23:11:21,389 - INFO - Final shape after preprocessing: (6047, 18)
2026-01-06 23:11:21,390 - INFO - Handling Imbalanced Data
2026-01-06 23:11:24,465 - INFO - Data balanced sucesffuly
2026-01-06 23:11:24,466 - INFO - Handling Imbalanced Data
2026-01-06 23:11:24,500 - INFO - Data balanced sucesffuly
2026-01-06 23:11:24,500 - INFO - Starting our Feature selection step
2026-01-06 23:11:30,157 - INFO - Features selected : ['lead_time' 'no_of_special_requests' 'avg_price_per_room' 'arrival_month'
 'arrival_date' 'market_segment_type' 'no_of_week_nights'
 'no_of_weekend_nights' 'type_of_meal_plan' 'room_type_reserved']
2026-01-06 23:11:30,161 - INFO - Feature slection completed sucesfully
2026-01-06 23:11:30,179 - INFO - Saving our data in processed folder
2026-01-06 23:11:30,452 - INFO - Data saved sucesfuly to C:\Users\athrv\OneDrive\Documents\Projects\Hotel Reservation Prediction\PROJECT CODE\artifacts\processed\processed_train.csv
2026-01-06 23:11:30,453 - INFO - Saving our data in processed folder
2026-01-06 23:11:30,522 - INFO - Data saved sucesfuly to C:\Users\athrv\OneDrive\Documents\Projects\Hotel Reservation Prediction\PROJECT CODE\artifacts\processed\processed_test.csv
2026-01-06 23:11:30,523 - INFO - Data processing completed sucesfully
2026-01-06 23:45:06,049 - INFO - Starting our Model Training pipeline
2026-01-06 23:45:06,050 - INFO - Starting our MLFLOW experimentation
2026-01-06 23:45:06,050 - INFO - Logging the training and testing datset to MLFLOW
2026-01-06 23:45:06,088 - INFO - Loading data from C:\Users\athrv\OneDrive\Documents\Projects\Hotel Reservation Prediction\PROJECT CODE\artifacts\processed\processed_train.csv
2026-01-06 23:45:06,088 - INFO - Loading data
2026-01-06 23:45:06,114 - INFO - Loading data from C:\Users\athrv\OneDrive\Documents\Projects\Hotel Reservation Prediction\PROJECT CODE\artifacts\processed\processed_test.csv
2026-01-06 23:45:06,114 - INFO - Loading data
2026-01-06 23:45:06,128 - INFO - Data splitted sucefully for Model Training
2026-01-06 23:45:06,129 - INFO - Intializing our model
2026-01-06 23:45:06,129 - INFO - Starting our Hyperparamter tuning
2026-01-06 23:45:06,129 - INFO - Starting our Hyperparamter tuning
2026-01-06 23:45:19,627 - INFO - Hyperparamter tuning completed
2026-01-06 23:45:19,627 - INFO - Best paramters are : {'boosting_type': 'gbdt', 'learning_rate': np.float64(0.1293700315892974), 'max_depth': 23, 'n_estimators': 314, 'num_leaves': 94}
2026-01-06 23:45:19,627 - INFO - Evaluating our model
2026-01-06 23:45:19,672 - INFO - Accuracy Score : 0.8814506539833532
2026-01-06 23:45:19,672 - INFO - Precision Score : 0.8670480549199084
2026-01-06 23:45:19,672 - INFO - Recall Score : 0.9010701545778834
2026-01-06 23:45:19,672 - INFO - F1 Score : 0.883731778425656
2026-01-06 23:45:19,672 - INFO - saving the model
2026-01-06 23:45:19,719 - INFO - Model saved to C:\Users\athrv\OneDrive\Documents\Projects\Hotel Reservation Prediction\PROJECT CODE\artifacts\models\lgbm_model.pkl
2026-01-06 23:45:19,719 - INFO - Logging the model into MLFLOW
2026-01-06 23:45:19,738 - INFO - Logging Params and metrics to MLFLOW
2026-01-06 23:45:19,768 - INFO - Model Training sucesfullly completed
